Statement for BigCo<br/> &nbsp;Hamlet: $650.00 (55 seats)<br/> &nbsp;As You Like It: $580.00 (35 seats)<br/> &nbsp;Othello: $500.00 (40 seats)<br/>Amount owed is $1,730.00<br/>You earned 47 credits<br/>